Archive member included because of file (symbol)

/home/user/workspace/proje1/SW-EK-LM4F120XL-9453/driverlib/gcc/libdriver.a(gpio.o)
                              ./src/main.o (GPIOPinWrite)
/home/user/workspace/proje1/SW-EK-LM4F120XL-9453/driverlib/gcc/libdriver.a(interrupt.o)
                              /home/user/workspace/proje1/SW-EK-LM4F120XL-9453/driverlib/gcc/libdriver.a(gpio.o) (IntRegister)
/home/user/workspace/proje1/SW-EK-LM4F120XL-9453/driverlib/gcc/libdriver.a(sysctl.o)
                              ./SW-EK-LM4F120XL-9453/utils/uartstdio.o (SysCtlPeripheralPresent)
/home/user/workspace/proje1/SW-EK-LM4F120XL-9453/driverlib/gcc/libdriver.a(uart.o)
                              ./SW-EK-LM4F120XL-9453/utils/uartstdio.o (UARTEnable)
/home/user/workspace/proje1/SW-EK-LM4F120XL-9453/driverlib/gcc/libdriver.a(cpu.o)
                              /home/user/workspace/proje1/SW-EK-LM4F120XL-9453/driverlib/gcc/libdriver.a(interrupt.o) (CPUcpsid)
/usr/lib/gcc/arm-none-eabi/4.8.2/../../../arm-none-eabi/lib/armv7e-m/softfp/libg.a(lib_a-atexit.o)
                              /usr/lib/gcc/arm-none-eabi/4.8.2/../../../arm-none-eabi/lib/armv7e-m/softfp/crt0.o (atexit)
/usr/lib/gcc/arm-none-eabi/4.8.2/../../../arm-none-eabi/lib/armv7e-m/softfp/libg.a(lib_a-exit.o)
                              /usr/lib/gcc/arm-none-eabi/4.8.2/../../../arm-none-eabi/lib/armv7e-m/softfp/crt0.o (exit)
/usr/lib/gcc/arm-none-eabi/4.8.2/../../../arm-none-eabi/lib/armv7e-m/softfp/libg.a(lib_a-fini.o)
                              /usr/lib/gcc/arm-none-eabi/4.8.2/../../../arm-none-eabi/lib/armv7e-m/softfp/crt0.o (__libc_fini_array)
/usr/lib/gcc/arm-none-eabi/4.8.2/../../../arm-none-eabi/lib/armv7e-m/softfp/libg.a(lib_a-impure.o)
                              /usr/lib/gcc/arm-none-eabi/4.8.2/../../../arm-none-eabi/lib/armv7e-m/softfp/libg.a(lib_a-exit.o) (_global_impure_ptr)
/usr/lib/gcc/arm-none-eabi/4.8.2/../../../arm-none-eabi/lib/armv7e-m/softfp/libg.a(lib_a-init.o)
                              /usr/lib/gcc/arm-none-eabi/4.8.2/../../../arm-none-eabi/lib/armv7e-m/softfp/crt0.o (__libc_init_array)
/usr/lib/gcc/arm-none-eabi/4.8.2/../../../arm-none-eabi/lib/armv7e-m/softfp/libg.a(lib_a-memset.o)
                              /usr/lib/gcc/arm-none-eabi/4.8.2/../../../arm-none-eabi/lib/armv7e-m/softfp/crt0.o (memset)
/usr/lib/gcc/arm-none-eabi/4.8.2/../../../arm-none-eabi/lib/armv7e-m/softfp/libg.a(lib_a-__atexit.o)
                              /usr/lib/gcc/arm-none-eabi/4.8.2/../../../arm-none-eabi/lib/armv7e-m/softfp/libg.a(lib_a-atexit.o) (__register_exitproc)
/usr/lib/gcc/arm-none-eabi/4.8.2/../../../arm-none-eabi/lib/armv7e-m/softfp/libg.a(lib_a-__call_atexit.o)
                              /usr/lib/gcc/arm-none-eabi/4.8.2/../../../arm-none-eabi/lib/armv7e-m/softfp/libg.a(lib_a-exit.o) (__call_exitprocs)

Discarded input sections

 .text          0x00000000        0x0 /usr/lib/gcc/arm-none-eabi/4.8.2/armv7e-m/softfp/crti.o
 .data          0x00000000        0x0 /usr/lib/gcc/arm-none-eabi/4.8.2/armv7e-m/softfp/crti.o
 .bss           0x00000000        0x0 /usr/lib/gcc/arm-none-eabi/4.8.2/armv7e-m/softfp/crti.o
 .init          0x00000000        0x4 /usr/lib/gcc/arm-none-eabi/4.8.2/armv7e-m/softfp/crti.o
 .fini          0x00000000        0x4 /usr/lib/gcc/arm-none-eabi/4.8.2/armv7e-m/softfp/crti.o
 .ARM.attributes
                0x00000000       0x22 /usr/lib/gcc/arm-none-eabi/4.8.2/armv7e-m/softfp/crti.o
 .text          0x00000000       0xc8 /usr/lib/gcc/arm-none-eabi/4.8.2/armv7e-m/softfp/crtbegin.o
 .data          0x00000000        0x4 /usr/lib/gcc/arm-none-eabi/4.8.2/armv7e-m/softfp/crtbegin.o
 .bss           0x00000000       0x1c /usr/lib/gcc/arm-none-eabi/4.8.2/armv7e-m/softfp/crtbegin.o
 .init_array    0x00000000        0x4 /usr/lib/gcc/arm-none-eabi/4.8.2/armv7e-m/softfp/crtbegin.o
 .fini_array    0x00000000        0x4 /usr/lib/gcc/arm-none-eabi/4.8.2/armv7e-m/softfp/crtbegin.o
 .eh_frame      0x00000000        0x0 /usr/lib/gcc/arm-none-eabi/4.8.2/armv7e-m/softfp/crtbegin.o
 .jcr           0x00000000        0x0 /usr/lib/gcc/arm-none-eabi/4.8.2/armv7e-m/softfp/crtbegin.o
 .tm_clone_table
                0x00000000        0x0 /usr/lib/gcc/arm-none-eabi/4.8.2/armv7e-m/softfp/crtbegin.o
 .comment       0x00000000       0x20 /usr/lib/gcc/arm-none-eabi/4.8.2/armv7e-m/softfp/crtbegin.o
 .ARM.attributes
                0x00000000       0x32 /usr/lib/gcc/arm-none-eabi/4.8.2/armv7e-m/softfp/crtbegin.o
 .text          0x00000000       0x68 /usr/lib/gcc/arm-none-eabi/4.8.2/../../../arm-none-eabi/lib/armv7e-m/softfp/crt0.o
 .data          0x00000000        0x0 /usr/lib/gcc/arm-none-eabi/4.8.2/../../../arm-none-eabi/lib/armv7e-m/softfp/crt0.o
 .bss           0x00000000        0x0 /usr/lib/gcc/arm-none-eabi/4.8.2/../../../arm-none-eabi/lib/armv7e-m/softfp/crt0.o
 .ARM.extab     0x00000000        0x0 /usr/lib/gcc/arm-none-eabi/4.8.2/../../../arm-none-eabi/lib/armv7e-m/softfp/crt0.o
 .ARM.exidx     0x00000000        0x8 /usr/lib/gcc/arm-none-eabi/4.8.2/../../../arm-none-eabi/lib/armv7e-m/softfp/crt0.o
 .ARM.attributes
                0x00000000       0x20 /usr/lib/gcc/arm-none-eabi/4.8.2/../../../arm-none-eabi/lib/armv7e-m/softfp/crt0.o
 .debug_line    0x00000000       0x7e /usr/lib/gcc/arm-none-eabi/4.8.2/../../../arm-none-eabi/lib/armv7e-m/softfp/crt0.o
 .debug_info    0x00000000       0x98 /usr/lib/gcc/arm-none-eabi/4.8.2/../../../arm-none-eabi/lib/armv7e-m/softfp/crt0.o
 .debug_abbrev  0x00000000       0x14 /usr/lib/gcc/arm-none-eabi/4.8.2/../../../arm-none-eabi/lib/armv7e-m/softfp/crt0.o
 .debug_aranges
                0x00000000       0x20 /usr/lib/gcc/arm-none-eabi/4.8.2/../../../arm-none-eabi/lib/armv7e-m/softfp/crt0.o
 .group         0x00000000        0x8 ./src/main.o
 .group         0x00000000        0x8 ./src/main.o
 .group         0x00000000        0x8 ./src/main.o
 .group         0x00000000        0x8 ./src/main.o
 .group         0x00000000        0x8 ./src/main.o
 .group         0x00000000        0x8 ./src/main.o
 .group         0x00000000        0x8 ./src/main.o
 .group         0x00000000        0x8 ./src/main.o
 .group         0x00000000        0x8 ./src/main.o
 .group         0x00000000        0x8 ./src/main.o
 .group         0x00000000        0x8 ./src/main.o
 .group         0x00000000        0x8 ./src/main.o
 .group         0x00000000        0x8 ./src/main.o
 .group         0x00000000        0x8 ./src/main.o
 .group         0x00000000        0x8 ./src/main.o
 .group         0x00000000        0x8 ./src/main.o
 .group         0x00000000        0x8 ./src/main.o
 .group         0x00000000        0x8 ./src/main.o
 .group         0x00000000        0x8 ./src/main.o
 .group         0x00000000        0x8 ./src/main.o
 .group         0x00000000        0x8 ./src/main.o
 .group         0x00000000        0x8 ./src/main.o
 .group         0x00000000        0x8 ./src/main.o
 .group         0x00000000        0x8 ./src/main.o
 .group         0x00000000        0x8 ./src/main.o
 .group         0x00000000        0x8 ./src/main.o
 .text          0x00000000        0x0 ./src/main.o
 .data          0x00000000        0x0 ./src/main.o
 .bss           0x00000000        0x0 ./src/main.o
 .text.led      0x00000000       0xf0 ./src/main.o
 .group         0x00000000        0x8 ./src/startup_gcc.o
 .group         0x00000000        0x8 ./src/startup_gcc.o
 .group         0x00000000        0x8 ./src/startup_gcc.o
 .text          0x00000000        0x0 ./src/startup_gcc.o
 .data          0x00000000        0x0 ./src/startup_gcc.o
 .bss           0x00000000        0x0 ./src/startup_gcc.o
 .debug_macro   0x00000000      0x856 ./src/startup_gcc.o
 .debug_macro   0x00000000       0xca ./src/startup_gcc.o
 .group         0x00000000        0x8 ./SW-EK-LM4F120XL-9453/utils/uartstdio.o
 .group         0x00000000        0x8 ./SW-EK-LM4F120XL-9453/utils/uartstdio.o
 .group         0x00000000        0x8 ./SW-EK-LM4F120XL-9453/utils/uartstdio.o
 .group         0x00000000        0x8 ./SW-EK-LM4F120XL-9453/utils/uartstdio.o
 .group         0x00000000        0x8 ./SW-EK-LM4F120XL-9453/utils/uartstdio.o
 .group         0x00000000        0x8 ./SW-EK-LM4F120XL-9453/utils/uartstdio.o
 .group         0x00000000        0x8 ./SW-EK-LM4F120XL-9453/utils/uartstdio.o
 .group         0x00000000        0x8 ./SW-EK-LM4F120XL-9453/utils/uartstdio.o
 .group         0x00000000        0x8 ./SW-EK-LM4F120XL-9453/utils/uartstdio.o
 .group         0x00000000        0x8 ./SW-EK-LM4F120XL-9453/utils/uartstdio.o
 .group         0x00000000        0x8 ./SW-EK-LM4F120XL-9453/utils/uartstdio.o
 .group         0x00000000        0x8 ./SW-EK-LM4F120XL-9453/utils/uartstdio.o
 .text          0x00000000        0x0 ./SW-EK-LM4F120XL-9453/utils/uartstdio.o
 .data          0x00000000        0x0 ./SW-EK-LM4F120XL-9453/utils/uartstdio.o
 .bss           0x00000000        0x0 ./SW-EK-LM4F120XL-9453/utils/uartstdio.o
 .bss.g_ulBase  0x00000000        0x4 ./SW-EK-LM4F120XL-9453/utils/uartstdio.o
 .rodata        0x00000000       0x28 ./SW-EK-LM4F120XL-9453/utils/uartstdio.o
 .rodata.g_pcHex
                0x00000000        0x4 ./SW-EK-LM4F120XL-9453/utils/uartstdio.o
 .rodata.g_ulUARTBase
                0x00000000        0xc ./SW-EK-LM4F120XL-9453/utils/uartstdio.o
 .rodata.g_ulUARTPeriph
                0x00000000        0xc ./SW-EK-LM4F120XL-9453/utils/uartstdio.o
 .text.UARTStdioConfig
                0x00000000       0x80 ./SW-EK-LM4F120XL-9453/utils/uartstdio.o
 .text.UARTStdioInit
                0x00000000       0x20 ./SW-EK-LM4F120XL-9453/utils/uartstdio.o
 .text.UARTStdioInitExpClk
                0x00000000       0x20 ./SW-EK-LM4F120XL-9453/utils/uartstdio.o
 .text.UARTwrite
                0x00000000       0x64 ./SW-EK-LM4F120XL-9453/utils/uartstdio.o
 .text.UARTgets
                0x00000000       0xf4 ./SW-EK-LM4F120XL-9453/utils/uartstdio.o
 .text.UARTgetc
                0x00000000       0x1c ./SW-EK-LM4F120XL-9453/utils/uartstdio.o
 .text.UARTprintf
                0x00000000      0x408 ./SW-EK-LM4F120XL-9453/utils/uartstdio.o
 .bss.bLastWasCR.4369
                0x00000000        0x1 ./SW-EK-LM4F120XL-9453/utils/uartstdio.o
 .debug_info    0x00000000      0x344 ./SW-EK-LM4F120XL-9453/utils/uartstdio.o
 .debug_abbrev  0x00000000      0x10e ./SW-EK-LM4F120XL-9453/utils/uartstdio.o
 .debug_aranges
                0x00000000       0x50 ./SW-EK-LM4F120XL-9453/utils/uartstdio.o
 .debug_ranges  0x00000000       0x40 ./SW-EK-LM4F120XL-9453/utils/uartstdio.o
 .debug_macro   0x00000000       0x7e ./SW-EK-LM4F120XL-9453/utils/uartstdio.o
 .debug_macro   0x00000000      0x856 ./SW-EK-LM4F120XL-9453/utils/uartstdio.o
 .debug_macro   0x00000000       0x58 ./SW-EK-LM4F120XL-9453/utils/uartstdio.o
 .debug_macro   0x00000000      0x371 ./SW-EK-LM4F120XL-9453/utils/uartstdio.o
 .debug_macro   0x00000000      0x278 ./SW-EK-LM4F120XL-9453/utils/uartstdio.o
 .debug_macro   0x00000000       0xca ./SW-EK-LM4F120XL-9453/utils/uartstdio.o
 .debug_macro   0x00000000      0x612 ./SW-EK-LM4F120XL-9453/utils/uartstdio.o
 .debug_macro   0x00000000       0x10 ./SW-EK-LM4F120XL-9453/utils/uartstdio.o
 .debug_macro   0x00000000       0x10 ./SW-EK-LM4F120XL-9453/utils/uartstdio.o
 .debug_macro   0x00000000       0xca ./SW-EK-LM4F120XL-9453/utils/uartstdio.o
 .debug_macro   0x00000000     0x12f2 ./SW-EK-LM4F120XL-9453/utils/uartstdio.o
 .debug_macro   0x00000000      0xb82 ./SW-EK-LM4F120XL-9453/utils/uartstdio.o
 .debug_macro   0x00000000      0x188 ./SW-EK-LM4F120XL-9453/utils/uartstdio.o
 .debug_line    0x00000000      0x34b ./SW-EK-LM4F120XL-9453/utils/uartstdio.o
 .debug_str     0x00000000    0x104b1 ./SW-EK-LM4F120XL-9453/utils/uartstdio.o
 .comment       0x00000000       0x20 ./SW-EK-LM4F120XL-9453/utils/uartstdio.o
 .ARM.attributes
                0x00000000       0x37 ./SW-EK-LM4F120XL-9453/utils/uartstdio.o
 .debug_frame   0x00000000       0xf8 ./SW-EK-LM4F120XL-9453/utils/uartstdio.o
 .text          0x00000000        0x0 /home/user/workspace/proje1/SW-EK-LM4F120XL-9453/driverlib/gcc/libdriver.a(gpio.o)
 .data          0x00000000        0x0 /home/user/workspace/proje1/SW-EK-LM4F120XL-9453/driverlib/gcc/libdriver.a(gpio.o)
 .bss           0x00000000        0x0 /home/user/workspace/proje1/SW-EK-LM4F120XL-9453/driverlib/gcc/libdriver.a(gpio.o)
 .text.GPIOGetIntNumber
                0x00000000      0x140 /home/user/workspace/proje1/SW-EK-LM4F120XL-9453/driverlib/gcc/libdriver.a(gpio.o)
 .text.GPIODirModeGet
                0x00000000       0x24 /home/user/workspace/proje1/SW-EK-LM4F120XL-9453/driverlib/gcc/libdriver.a(gpio.o)
 .text.GPIOIntTypeSet
                0x00000000       0x4a /home/user/workspace/proje1/SW-EK-LM4F120XL-9453/driverlib/gcc/libdriver.a(gpio.o)
 .text.GPIOIntTypeGet
                0x00000000       0x32 /home/user/workspace/proje1/SW-EK-LM4F120XL-9453/driverlib/gcc/libdriver.a(gpio.o)
 .text.GPIOPadConfigGet
                0x00000000       0x76 /home/user/workspace/proje1/SW-EK-LM4F120XL-9453/driverlib/gcc/libdriver.a(gpio.o)
 .text.GPIOPinIntEnable
                0x00000000        0xc /home/user/workspace/proje1/SW-EK-LM4F120XL-9453/driverlib/gcc/libdriver.a(gpio.o)
 .text.GPIOPinIntDisable
                0x00000000        0xe /home/user/workspace/proje1/SW-EK-LM4F120XL-9453/driverlib/gcc/libdriver.a(gpio.o)
 .text.GPIOPinIntStatus
                0x00000000        0xe /home/user/workspace/proje1/SW-EK-LM4F120XL-9453/driverlib/gcc/libdriver.a(gpio.o)
 .text.GPIOPinIntClear
                0x00000000        0x6 /home/user/workspace/proje1/SW-EK-LM4F120XL-9453/driverlib/gcc/libdriver.a(gpio.o)
 .text.GPIOPortIntRegister
                0x00000000       0x1a /home/user/workspace/proje1/SW-EK-LM4F120XL-9453/driverlib/gcc/libdriver.a(gpio.o)
 .text.GPIOPortIntUnregister
                0x00000000       0x16 /home/user/workspace/proje1/SW-EK-LM4F120XL-9453/driverlib/gcc/libdriver.a(gpio.o)
 .text.GPIOPinRead
                0x00000000        0x6 /home/user/workspace/proje1/SW-EK-LM4F120XL-9453/driverlib/gcc/libdriver.a(gpio.o)
 .text.GPIOPinTypeADC
                0x00000000       0x1c /home/user/workspace/proje1/SW-EK-LM4F120XL-9453/driverlib/gcc/libdriver.a(gpio.o)
 .text.GPIOPinTypeCAN
                0x00000000       0x1c /home/user/workspace/proje1/SW-EK-LM4F120XL-9453/driverlib/gcc/libdriver.a(gpio.o)
 .text.GPIOPinTypeComparator
                0x00000000       0x1c /home/user/workspace/proje1/SW-EK-LM4F120XL-9453/driverlib/gcc/libdriver.a(gpio.o)
 .text.GPIOPinTypeEPI
                0x00000000       0x1c /home/user/workspace/proje1/SW-EK-LM4F120XL-9453/driverlib/gcc/libdriver.a(gpio.o)
 .text.GPIOPinTypeEthernetLED
                0x00000000       0x1c /home/user/workspace/proje1/SW-EK-LM4F120XL-9453/driverlib/gcc/libdriver.a(gpio.o)
 .text.GPIOPinTypeEthernetMII
                0x00000000       0x1c /home/user/workspace/proje1/SW-EK-LM4F120XL-9453/driverlib/gcc/libdriver.a(gpio.o)
 .text.GPIOPinTypeFan
                0x00000000       0x1c /home/user/workspace/proje1/SW-EK-LM4F120XL-9453/driverlib/gcc/libdriver.a(gpio.o)
 .text.GPIOPinTypeGPIOInput
                0x00000000       0x1c /home/user/workspace/proje1/SW-EK-LM4F120XL-9453/driverlib/gcc/libdriver.a(gpio.o)
 .text.GPIOPinTypeGPIOOutputOD
                0x00000000       0x1c /home/user/workspace/proje1/SW-EK-LM4F120XL-9453/driverlib/gcc/libdriver.a(gpio.o)
 .text.GPIOPinTypeI2C
                0x00000000       0x1c /home/user/workspace/proje1/SW-EK-LM4F120XL-9453/driverlib/gcc/libdriver.a(gpio.o)
 .text.GPIOPinTypeI2CSCL
                0x00000000       0x90 /home/user/workspace/proje1/SW-EK-LM4F120XL-9453/driverlib/gcc/libdriver.a(gpio.o)
 .text.GPIOPinTypeI2S
                0x00000000       0x1c /home/user/workspace/proje1/SW-EK-LM4F120XL-9453/driverlib/gcc/libdriver.a(gpio.o)
 .text.GPIOPinTypeLPC
                0x00000000       0x1c /home/user/workspace/proje1/SW-EK-LM4F120XL-9453/driverlib/gcc/libdriver.a(gpio.o)
 .text.GPIOPinTypePECIRx
                0x00000000       0x1c /home/user/workspace/proje1/SW-EK-LM4F120XL-9453/driverlib/gcc/libdriver.a(gpio.o)
 .text.GPIOPinTypePECITx
                0x00000000       0x1c /home/user/workspace/proje1/SW-EK-LM4F120XL-9453/driverlib/gcc/libdriver.a(gpio.o)
 .text.GPIOPinTypePWM
                0x00000000       0x1c /home/user/workspace/proje1/SW-EK-LM4F120XL-9453/driverlib/gcc/libdriver.a(gpio.o)
 .text.GPIOPinTypeQEI
                0x00000000       0x1c /home/user/workspace/proje1/SW-EK-LM4F120XL-9453/driverlib/gcc/libdriver.a(gpio.o)
 .text.GPIOPinTypeSSI
                0x00000000       0x1c /home/user/workspace/proje1/SW-EK-LM4F120XL-9453/driverlib/gcc/libdriver.a(gpio.o)
 .text.GPIOPinTypeTimer
                0x00000000       0x1c /home/user/workspace/proje1/SW-EK-LM4F120XL-9453/driverlib/gcc/libdriver.a(gpio.o)
 .text.GPIOPinTypeUART
                0x00000000       0x1c /home/user/workspace/proje1/SW-EK-LM4F120XL-9453/driverlib/gcc/libdriver.a(gpio.o)
 .text.GPIOPinTypeUSBAnalog
                0x00000000       0x1c /home/user/workspace/proje1/SW-EK-LM4F120XL-9453/driverlib/gcc/libdriver.a(gpio.o)
 .text.GPIOPinTypeUSBDigital
                0x00000000       0x1c /home/user/workspace/proje1/SW-EK-LM4F120XL-9453/driverlib/gcc/libdriver.a(gpio.o)
 .text.GPIOPinConfigure
                0x00000000       0x4c /home/user/workspace/proje1/SW-EK-LM4F120XL-9453/driverlib/gcc/libdriver.a(gpio.o)
 .text.GPIODMATriggerEnable
                0x00000000        0xc /home/user/workspace/proje1/SW-EK-LM4F120XL-9453/driverlib/gcc/libdriver.a(gpio.o)
 .text.GPIODMATriggerDisable
                0x00000000        0xe /home/user/workspace/proje1/SW-EK-LM4F120XL-9453/driverlib/gcc/libdriver.a(gpio.o)
 .text.GPIOADCTriggerEnable
                0x00000000        0xc /home/user/workspace/proje1/SW-EK-LM4F120XL-9453/driverlib/gcc/libdriver.a(gpio.o)
 .text.GPIOADCTriggerDisable
                0x00000000        0xe /home/user/workspace/proje1/SW-EK-LM4F120XL-9453/driverlib/gcc/libdriver.a(gpio.o)
 .rodata.g_pulGPIOBaseAddrs
                0x00000000       0x78 /home/user/workspace/proje1/SW-EK-LM4F120XL-9453/driverlib/gcc/libdriver.a(gpio.o)
 .text          0x00000000        0x0 /home/user/workspace/proje1/SW-EK-LM4F120XL-9453/driverlib/gcc/libdriver.a(interrupt.o)
 .data          0x00000000        0x0 /home/user/workspace/proje1/SW-EK-LM4F120XL-9453/driverlib/gcc/libdriver.a(interrupt.o)
 .bss           0x00000000        0x0 /home/user/workspace/proje1/SW-EK-LM4F120XL-9453/driverlib/gcc/libdriver.a(interrupt.o)
 .text.IntDefaultHandler
                0x00000000        0x2 /home/user/workspace/proje1/SW-EK-LM4F120XL-9453/driverlib/gcc/libdriver.a(interrupt.o)
 .text.IntMasterEnable
                0x00000000        0xa /home/user/workspace/proje1/SW-EK-LM4F120XL-9453/driverlib/gcc/libdriver.a(interrupt.o)
 .text.IntMasterDisable
                0x00000000        0xa /home/user/workspace/proje1/SW-EK-LM4F120XL-9453/driverlib/gcc/libdriver.a(interrupt.o)
 .text.IntRegister
                0x00000000       0x30 /home/user/workspace/proje1/SW-EK-LM4F120XL-9453/driverlib/gcc/libdriver.a(interrupt.o)
 .text.IntUnregister
                0x00000000       0x14 /home/user/workspace/proje1/SW-EK-LM4F120XL-9453/driverlib/gcc/libdriver.a(interrupt.o)
 .text.IntPriorityGroupingSet
                0x00000000       0x1c /home/user/workspace/proje1/SW-EK-LM4F120XL-9453/driverlib/gcc/libdriver.a(interrupt.o)
 .text.IntPriorityGroupingGet
                0x00000000       0x24 /home/user/workspace/proje1/SW-EK-LM4F120XL-9453/driverlib/gcc/libdriver.a(interrupt.o)
 .text.IntPrioritySet
                0x00000000       0x28 /home/user/workspace/proje1/SW-EK-LM4F120XL-9453/driverlib/gcc/libdriver.a(interrupt.o)
 .text.IntPriorityGet
                0x00000000       0x1c /home/user/workspace/proje1/SW-EK-LM4F120XL-9453/driverlib/gcc/libdriver.a(interrupt.o)
 .text.IntEnable
                0x00000000       0x60 /home/user/workspace/proje1/SW-EK-LM4F120XL-9453/driverlib/gcc/libdriver.a(interrupt.o)
 .text.IntDisable
                0x00000000       0x60 /home/user/workspace/proje1/SW-EK-LM4F120XL-9453/driverlib/gcc/libdriver.a(interrupt.o)
 .text.IntIsEnabled
                0x00000000       0x64 /home/user/workspace/proje1/SW-EK-LM4F120XL-9453/driverlib/gcc/libdriver.a(interrupt.o)
 .text.IntPendSet
                0x00000000       0x50 /home/user/workspace/proje1/SW-EK-LM4F120XL-9453/driverlib/gcc/libdriver.a(interrupt.o)
 .text.IntPendClear
                0x00000000       0x40 /home/user/workspace/proje1/SW-EK-LM4F120XL-9453/driverlib/gcc/libdriver.a(interrupt.o)
 .text.IntPriorityMaskSet
                0x00000000        0x4 /home/user/workspace/proje1/SW-EK-LM4F120XL-9453/driverlib/gcc/libdriver.a(interrupt.o)
 .text.IntPriorityMaskGet
                0x00000000        0x4 /home/user/workspace/proje1/SW-EK-LM4F120XL-9453/driverlib/gcc/libdriver.a(interrupt.o)
 .rodata.g_pulEnRegs
                0x00000000       0x14 /home/user/workspace/proje1/SW-EK-LM4F120XL-9453/driverlib/gcc/libdriver.a(interrupt.o)
 .rodata.g_pulDisRegs
                0x00000000       0x14 /home/user/workspace/proje1/SW-EK-LM4F120XL-9453/driverlib/gcc/libdriver.a(interrupt.o)
 .rodata.g_pulPendRegs
                0x00000000       0x14 /home/user/workspace/proje1/SW-EK-LM4F120XL-9453/driverlib/gcc/libdriver.a(interrupt.o)
 .rodata.g_pulUnpendRegs
                0x00000000       0x14 /home/user/workspace/proje1/SW-EK-LM4F120XL-9453/driverlib/gcc/libdriver.a(interrupt.o)
 vtable         0x00000000      0x400 /home/user/workspace/proje1/SW-EK-LM4F120XL-9453/driverlib/gcc/libdriver.a(interrupt.o)
 .rodata.g_pulPriority
                0x00000000       0x20 /home/user/workspace/proje1/SW-EK-LM4F120XL-9453/driverlib/gcc/libdriver.a(interrupt.o)
 .rodata.g_pulRegs
                0x00000000       0x9c /home/user/workspace/proje1/SW-EK-LM4F120XL-9453/driverlib/gcc/libdriver.a(interrupt.o)
 .comment       0x00000000       0x2c /home/user/workspace/proje1/SW-EK-LM4F120XL-9453/driverlib/gcc/libdriver.a(interrupt.o)
 .ARM.attributes
                0x00000000       0x37 /home/user/workspace/proje1/SW-EK-LM4F120XL-9453/driverlib/gcc/libdriver.a(interrupt.o)
 .text          0x00000000        0x0 /home/user/workspace/proje1/SW-EK-LM4F120XL-9453/driverlib/gcc/libdriver.a(sysctl.o)
 .data          0x00000000        0x0 /home/user/workspace/proje1/SW-EK-LM4F120XL-9453/driverlib/gcc/libdriver.a(sysctl.o)
 .bss           0x00000000        0x0 /home/user/workspace/proje1/SW-EK-LM4F120XL-9453/driverlib/gcc/libdriver.a(sysctl.o)
 .text.SysCtlPeripheralMapToNew
                0x00000000       0x24 /home/user/workspace/proje1/SW-EK-LM4F120XL-9453/driverlib/gcc/libdriver.a(sysctl.o)
 .text.SysCtlSRAMSizeGet
                0x00000000       0x14 /home/user/workspace/proje1/SW-EK-LM4F120XL-9453/driverlib/gcc/libdriver.a(sysctl.o)
 .text.SysCtlFlashSizeGet
                0x00000000       0x14 /home/user/workspace/proje1/SW-EK-LM4F120XL-9453/driverlib/gcc/libdriver.a(sysctl.o)
 .text.SysCtlPinPresent
                0x00000000       0x14 /home/user/workspace/proje1/SW-EK-LM4F120XL-9453/driverlib/gcc/libdriver.a(sysctl.o)
 .text.SysCtlPeripheralPresent
                0x00000000       0x7c /home/user/workspace/proje1/SW-EK-LM4F120XL-9453/driverlib/gcc/libdriver.a(sysctl.o)
 .text.SysCtlPeripheralReady
                0x00000000       0x38 /home/user/workspace/proje1/SW-EK-LM4F120XL-9453/driverlib/gcc/libdriver.a(sysctl.o)
 .text.SysCtlPeripheralPowerOn
                0x00000000       0x38 /home/user/workspace/proje1/SW-EK-LM4F120XL-9453/driverlib/gcc/libdriver.a(sysctl.o)
 .text.SysCtlPeripheralPowerOff
                0x00000000       0x38 /home/user/workspace/proje1/SW-EK-LM4F120XL-9453/driverlib/gcc/libdriver.a(sysctl.o)
 .text.SysCtlPeripheralReset
                0x00000000       0x8c /home/user/workspace/proje1/SW-EK-LM4F120XL-9453/driverlib/gcc/libdriver.a(sysctl.o)
 .text.SysCtlPeripheralDisable
                0x00000000       0x5c /home/user/workspace/proje1/SW-EK-LM4F120XL-9453/driverlib/gcc/libdriver.a(sysctl.o)
 .text.SysCtlPeripheralSleepEnable
                0x00000000       0x5c /home/user/workspace/proje1/SW-EK-LM4F120XL-9453/driverlib/gcc/libdriver.a(sysctl.o)
 .text.SysCtlPeripheralSleepDisable
                0x00000000       0x5c /home/user/workspace/proje1/SW-EK-LM4F120XL-9453/driverlib/gcc/libdriver.a(sysctl.o)
 .text.SysCtlPeripheralDeepSleepEnable
                0x00000000       0x5c /home/user/workspace/proje1/SW-EK-LM4F120XL-9453/driverlib/gcc/libdriver.a(sysctl.o)
 .text.SysCtlPeripheralDeepSleepDisable
                0x00000000       0x5c /home/user/workspace/proje1/SW-EK-LM4F120XL-9453/driverlib/gcc/libdriver.a(sysctl.o)
 .text.SysCtlPeripheralClockGating
                0x00000000       0x1c /home/user/workspace/proje1/SW-EK-LM4F120XL-9453/driverlib/gcc/libdriver.a(sysctl.o)
 .text.SysCtlIntRegister
                0x00000000       0x14 /home/user/workspace/proje1/SW-EK-LM4F120XL-9453/driverlib/gcc/libdriver.a(sysctl.o)
 .text.SysCtlIntUnregister
                0x00000000       0x12 /home/user/workspace/proje1/SW-EK-LM4F120XL-9453/driverlib/gcc/libdriver.a(sysctl.o)
 .text.SysCtlIntEnable
                0x00000000       0x10 /home/user/workspace/proje1/SW-EK-LM4F120XL-9453/driverlib/gcc/libdriver.a(sysctl.o)
 .text.SysCtlIntDisable
                0x00000000       0x10 /home/user/workspace/proje1/SW-EK-LM4F120XL-9453/driverlib/gcc/libdriver.a(sysctl.o)
 .text.SysCtlIntClear
                0x00000000        0xc /home/user/workspace/proje1/SW-EK-LM4F120XL-9453/driverlib/gcc/libdriver.a(sysctl.o)
 .text.SysCtlIntStatus
                0x00000000       0x18 /home/user/workspace/proje1/SW-EK-LM4F120XL-9453/driverlib/gcc/libdriver.a(sysctl.o)
 .text.SysCtlLDOSet
                0x00000000        0xc /home/user/workspace/proje1/SW-EK-LM4F120XL-9453/driverlib/gcc/libdriver.a(sysctl.o)
 .text.SysCtlLDOGet
                0x00000000        0xc /home/user/workspace/proje1/SW-EK-LM4F120XL-9453/driverlib/gcc/libdriver.a(sysctl.o)
 .text.SysCtlLDOConfigSet
                0x00000000        0xc /home/user/workspace/proje1/SW-EK-LM4F120XL-9453/driverlib/gcc/libdriver.a(sysctl.o)
 .text.SysCtlReset
                0x00000000       0x10 /home/user/workspace/proje1/SW-EK-LM4F120XL-9453/driverlib/gcc/libdriver.a(sysctl.o)
 .text.SysCtlSleep
                0x00000000        0x4 /home/user/workspace/proje1/SW-EK-LM4F120XL-9453/driverlib/gcc/libdriver.a(sysctl.o)
 .text.SysCtlDeepSleep
                0x00000000       0x20 /home/user/workspace/proje1/SW-EK-LM4F120XL-9453/driverlib/gcc/libdriver.a(sysctl.o)
 .text.SysCtlResetCauseGet
                0x00000000        0xc /home/user/workspace/proje1/SW-EK-LM4F120XL-9453/driverlib/gcc/libdriver.a(sysctl.o)
 .text.SysCtlResetCauseClear
                0x00000000       0x10 /home/user/workspace/proje1/SW-EK-LM4F120XL-9453/driverlib/gcc/libdriver.a(sysctl.o)
 .text.SysCtlBrownOutConfigSet
                0x00000000       0x10 /home/user/workspace/proje1/SW-EK-LM4F120XL-9453/driverlib/gcc/libdriver.a(sysctl.o)
 .text.SysCtlMOSCConfigSet
                0x00000000        0xc /home/user/workspace/proje1/SW-EK-LM4F120XL-9453/driverlib/gcc/libdriver.a(sysctl.o)
 .text.SysCtlPIOSCCalibrate
                0x00000000       0x54 /home/user/workspace/proje1/SW-EK-LM4F120XL-9453/driverlib/gcc/libdriver.a(sysctl.o)
 .text.SysCtlClockGet
                0x00000000      0x22c /home/user/workspace/proje1/SW-EK-LM4F120XL-9453/driverlib/gcc/libdriver.a(sysctl.o)
 .text.SysCtlDeepSleepClockSet
                0x00000000        0xc /home/user/workspace/proje1/SW-EK-LM4F120XL-9453/driverlib/gcc/libdriver.a(sysctl.o)
 .text.SysCtlPWMClockSet
                0x00000000       0x14 /home/user/workspace/proje1/SW-EK-LM4F120XL-9453/driverlib/gcc/libdriver.a(sysctl.o)
 .text.SysCtlPWMClockGet
                0x00000000       0x18 /home/user/workspace/proje1/SW-EK-LM4F120XL-9453/driverlib/gcc/libdriver.a(sysctl.o)
 .text.SysCtlADCSpeedSet
                0x00000000       0x20 /home/user/workspace/proje1/SW-EK-LM4F120XL-9453/driverlib/gcc/libdriver.a(sysctl.o)
 .text.SysCtlADCSpeedGet
                0x00000000       0x10 /home/user/workspace/proje1/SW-EK-LM4F120XL-9453/driverlib/gcc/libdriver.a(sysctl.o)
 .text.SysCtlIOSCVerificationSet
                0x00000000       0x1c /home/user/workspace/proje1/SW-EK-LM4F120XL-9453/driverlib/gcc/libdriver.a(sysctl.o)
 .text.SysCtlMOSCVerificationSet
                0x00000000       0x1c /home/user/workspace/proje1/SW-EK-LM4F120XL-9453/driverlib/gcc/libdriver.a(sysctl.o)
 .text.SysCtlPLLVerificationSet
                0x00000000       0x1c /home/user/workspace/proje1/SW-EK-LM4F120XL-9453/driverlib/gcc/libdriver.a(sysctl.o)
 .text.SysCtlClkVerificationClear
                0x00000000       0x10 /home/user/workspace/proje1/SW-EK-LM4F120XL-9453/driverlib/gcc/libdriver.a(sysctl.o)
 .text.SysCtlGPIOAHBEnable
                0x00000000       0x14 /home/user/workspace/proje1/SW-EK-LM4F120XL-9453/driverlib/gcc/libdriver.a(sysctl.o)
 .text.SysCtlGPIOAHBDisable
                0x00000000       0x14 /home/user/workspace/proje1/SW-EK-LM4F120XL-9453/driverlib/gcc/libdriver.a(sysctl.o)
 .text.SysCtlUSBPLLEnable
                0x00000000       0x10 /home/user/workspace/proje1/SW-EK-LM4F120XL-9453/driverlib/gcc/libdriver.a(sysctl.o)
 .text.SysCtlUSBPLLDisable
                0x00000000       0x10 /home/user/workspace/proje1/SW-EK-LM4F120XL-9453/driverlib/gcc/libdriver.a(sysctl.o)
 .text.SysCtlI2SMClkSet
                0x00000000       0xe0 /home/user/workspace/proje1/SW-EK-LM4F120XL-9453/driverlib/gcc/libdriver.a(sysctl.o)
 .bss.ulOscSelect
                0x00000000        0x4 /home/user/workspace/proje1/SW-EK-LM4F120XL-9453/driverlib/gcc/libdriver.a(sysctl.o)
 .bss.ulSysDiv  0x00000000        0x4 /home/user/workspace/proje1/SW-EK-LM4F120XL-9453/driverlib/gcc/libdriver.a(sysctl.o)
 .bss.ulOsc     0x00000000        0x4 /home/user/workspace/proje1/SW-EK-LM4F120XL-9453/driverlib/gcc/libdriver.a(sysctl.o)
 .rodata.g_pulDCRegs
                0x00000000       0x10 /home/user/workspace/proje1/SW-EK-LM4F120XL-9453/driverlib/gcc/libdriver.a(sysctl.o)
 .rodata.g_pulXtals
                0x00000000       0x6c /home/user/workspace/proje1/SW-EK-LM4F120XL-9453/driverlib/gcc/libdriver.a(sysctl.o)
 .rodata.g_pulDCGCRegs
                0x00000000        0xc /home/user/workspace/proje1/SW-EK-LM4F120XL-9453/driverlib/gcc/libdriver.a(sysctl.o)
 .rodata.g_ppulPeripheralMap
                0x00000000      0x120 /home/user/workspace/proje1/SW-EK-LM4F120XL-9453/driverlib/gcc/libdriver.a(sysctl.o)
 .rodata.g_pulSCGCRegs
                0x00000000        0xc /home/user/workspace/proje1/SW-EK-LM4F120XL-9453/driverlib/gcc/libdriver.a(sysctl.o)
 .rodata.g_pulSRCRRegs
                0x00000000        0xc /home/user/workspace/proje1/SW-EK-LM4F120XL-9453/driverlib/gcc/libdriver.a(sysctl.o)
 .bss.bNewPLL   0x00000000        0x1 /home/user/workspace/proje1/SW-EK-LM4F120XL-9453/driverlib/gcc/libdriver.a(sysctl.o)
 .text          0x00000000        0x0 /home/user/workspace/proje1/SW-EK-LM4F120XL-9453/driverlib/gcc/libdriver.a(uart.o)
 .data          0x00000000        0x0 /home/user/workspace/proje1/SW-EK-LM4F120XL-9453/driverlib/gcc/libdriver.a(uart.o)
 .bss           0x00000000        0x0 /home/user/workspace/proje1/SW-EK-LM4F120XL-9453/driverlib/gcc/libdriver.a(uart.o)
 .text.UARTIntNumberGet
                0x00000000       0x28 /home/user/workspace/proje1/SW-EK-LM4F120XL-9453/driverlib/gcc/libdriver.a(uart.o)
 .text.UARTParityModeSet
                0x00000000        0xc /home/user/workspace/proje1/SW-EK-LM4F120XL-9453/driverlib/gcc/libdriver.a(uart.o)
 .text.UARTParityModeGet
                0x00000000        0x8 /home/user/workspace/proje1/SW-EK-LM4F120XL-9453/driverlib/gcc/libdriver.a(uart.o)
 .text.UARTFIFOLevelSet
                0x00000000        0x6 /home/user/workspace/proje1/SW-EK-LM4F120XL-9453/driverlib/gcc/libdriver.a(uart.o)
 .text.UARTFIFOLevelGet
                0x00000000       0x10 /home/user/workspace/proje1/SW-EK-LM4F120XL-9453/driverlib/gcc/libdriver.a(uart.o)
 .text.UARTConfigGetExpClk
                0x00000000       0x28 /home/user/workspace/proje1/SW-EK-LM4F120XL-9453/driverlib/gcc/libdriver.a(uart.o)
 .text.UARTEnable
                0x00000000       0x16 /home/user/workspace/proje1/SW-EK-LM4F120XL-9453/driverlib/gcc/libdriver.a(uart.o)
 .text.UARTDisable
                0x00000000       0x1e /home/user/workspace/proje1/SW-EK-LM4F120XL-9453/driverlib/gcc/libdriver.a(uart.o)
 .text.UARTConfigSetExpClk
                0x00000000       0x4e /home/user/workspace/proje1/SW-EK-LM4F120XL-9453/driverlib/gcc/libdriver.a(uart.o)
 .text.UARTFIFOEnable
                0x00000000        0xa /home/user/workspace/proje1/SW-EK-LM4F120XL-9453/driverlib/gcc/libdriver.a(uart.o)
 .text.UARTFIFODisable
                0x00000000        0xa /home/user/workspace/proje1/SW-EK-LM4F120XL-9453/driverlib/gcc/libdriver.a(uart.o)
 .text.UARTEnableSIR
                0x00000000       0x14 /home/user/workspace/proje1/SW-EK-LM4F120XL-9453/driverlib/gcc/libdriver.a(uart.o)
 .text.UARTDisableSIR
                0x00000000        0xa /home/user/workspace/proje1/SW-EK-LM4F120XL-9453/driverlib/gcc/libdriver.a(uart.o)
 .text.UARTSmartCardEnable
                0x00000000       0x16 /home/user/workspace/proje1/SW-EK-LM4F120XL-9453/driverlib/gcc/libdriver.a(uart.o)
 .text.UARTSmartCardDisable
                0x00000000        0xa /home/user/workspace/proje1/SW-EK-LM4F120XL-9453/driverlib/gcc/libdriver.a(uart.o)
 .text.UARTModemControlSet
                0x00000000        0xc /home/user/workspace/proje1/SW-EK-LM4F120XL-9453/driverlib/gcc/libdriver.a(uart.o)
 .text.UARTModemControlClear
                0x00000000        0xe /home/user/workspace/proje1/SW-EK-LM4F120XL-9453/driverlib/gcc/libdriver.a(uart.o)
 .text.UARTModemControlGet
                0x00000000        0x8 /home/user/workspace/proje1/SW-EK-LM4F120XL-9453/driverlib/gcc/libdriver.a(uart.o)
 .text.UARTModemStatusGet
                0x00000000        0xc /home/user/workspace/proje1/SW-EK-LM4F120XL-9453/driverlib/gcc/libdriver.a(uart.o)
 .text.UARTFlowControlSet
                0x00000000        0xc /home/user/workspace/proje1/SW-EK-LM4F120XL-9453/driverlib/gcc/libdriver.a(uart.o)
 .text.UARTFlowControlGet
                0x00000000        0x8 /home/user/workspace/proje1/SW-EK-LM4F120XL-9453/driverlib/gcc/libdriver.a(uart.o)
 .text.UARTTxIntModeSet
                0x00000000        0xc /home/user/workspace/proje1/SW-EK-LM4F120XL-9453/driverlib/gcc/libdriver.a(uart.o)
 .text.UARTTxIntModeGet
                0x00000000        0x8 /home/user/workspace/proje1/SW-EK-LM4F120XL-9453/driverlib/gcc/libdriver.a(uart.o)
 .text.UARTCharsAvail
                0x00000000       0x10 /home/user/workspace/proje1/SW-EK-LM4F120XL-9453/driverlib/gcc/libdriver.a(uart.o)
 .text.UARTSpaceAvail
                0x00000000       0x10 /home/user/workspace/proje1/SW-EK-LM4F120XL-9453/driverlib/gcc/libdriver.a(uart.o)
 .text.UARTCharGetNonBlocking
                0x00000000       0x10 /home/user/workspace/proje1/SW-EK-LM4F120XL-9453/driverlib/gcc/libdriver.a(uart.o)
 .text.UARTCharGet
                0x00000000        0xc /home/user/workspace/proje1/SW-EK-LM4F120XL-9453/driverlib/gcc/libdriver.a(uart.o)
 .text.UARTCharPutNonBlocking
                0x00000000       0x12 /home/user/workspace/proje1/SW-EK-LM4F120XL-9453/driverlib/gcc/libdriver.a(uart.o)
 .text.UARTCharPut
                0x00000000        0xc /home/user/workspace/proje1/SW-EK-LM4F120XL-9453/driverlib/gcc/libdriver.a(uart.o)
 .text.UARTBreakCtl
                0x00000000       0x18 /home/user/workspace/proje1/SW-EK-LM4F120XL-9453/driverlib/gcc/libdriver.a(uart.o)
 .text.UARTBusy
                0x00000000        0x8 /home/user/workspace/proje1/SW-EK-LM4F120XL-9453/driverlib/gcc/libdriver.a(uart.o)
 .text.UARTIntRegister
                0x00000000       0x1a /home/user/workspace/proje1/SW-EK-LM4F120XL-9453/driverlib/gcc/libdriver.a(uart.o)
 .text.UARTIntUnregister
                0x00000000       0x16 /home/user/workspace/proje1/SW-EK-LM4F120XL-9453/driverlib/gcc/libdriver.a(uart.o)
 .text.UARTIntEnable
                0x00000000        0x8 /home/user/workspace/proje1/SW-EK-LM4F120XL-9453/driverlib/gcc/libdriver.a(uart.o)
 .text.UARTIntDisable
                0x00000000        0xa /home/user/workspace/proje1/SW-EK-LM4F120XL-9453/driverlib/gcc/libdriver.a(uart.o)
 .text.UARTIntStatus
                0x00000000        0xa /home/user/workspace/proje1/SW-EK-LM4F120XL-9453/driverlib/gcc/libdriver.a(uart.o)
 .text.UARTIntClear
                0x00000000        0x4 /home/user/workspace/proje1/SW-EK-LM4F120XL-9453/driverlib/gcc/libdriver.a(uart.o)
 .text.UARTDMAEnable
                0x00000000        0x8 /home/user/workspace/proje1/SW-EK-LM4F120XL-9453/driverlib/gcc/libdriver.a(uart.o)
 .text.UARTDMADisable
                0x00000000        0xa /home/user/workspace/proje1/SW-EK-LM4F120XL-9453/driverlib/gcc/libdriver.a(uart.o)
 .text.UARTRxErrorGet
                0x00000000        0x8 /home/user/workspace/proje1/SW-EK-LM4F120XL-9453/driverlib/gcc/libdriver.a(uart.o)
 .text.UARTRxErrorClear
                0x00000000        0x6 /home/user/workspace/proje1/SW-EK-LM4F120XL-9453/driverlib/gcc/libdriver.a(uart.o)
 .text.UARTClockSourceSet
                0x00000000        0x6 /home/user/workspace/proje1/SW-EK-LM4F120XL-9453/driverlib/gcc/libdriver.a(uart.o)
 .text.UARTClockSourceGet
                0x00000000        0x6 /home/user/workspace/proje1/SW-EK-LM4F120XL-9453/driverlib/gcc/libdriver.a(uart.o)
 .text.UART9BitEnable
                0x00000000        0xe /home/user/workspace/proje1/SW-EK-LM4F120XL-9453/driverlib/gcc/libdriver.a(uart.o)
 .text.UART9BitDisable
                0x00000000        0xe /home/user/workspace/proje1/SW-EK-LM4F120XL-9453/driverlib/gcc/libdriver.a(uart.o)
 .text.UART9BitAddrSet
                0x00000000        0xa /home/user/workspace/proje1/SW-EK-LM4F120XL-9453/driverlib/gcc/libdriver.a(uart.o)
 .text.UART9BitAddrSend
                0x00000000       0x28 /home/user/workspace/proje1/SW-EK-LM4F120XL-9453/driverlib/gcc/libdriver.a(uart.o)
 .rodata.g_ppulUARTIntMap
                0x00000000       0x40 /home/user/workspace/proje1/SW-EK-LM4F120XL-9453/driverlib/gcc/libdriver.a(uart.o)
 .comment       0x00000000       0x2c /home/user/workspace/proje1/SW-EK-LM4F120XL-9453/driverlib/gcc/libdriver.a(uart.o)
 .ARM.attributes
                0x00000000       0x37 /home/user/workspace/proje1/SW-EK-LM4F120XL-9453/driverlib/gcc/libdriver.a(uart.o)
 .text          0x00000000        0x0 /home/user/workspace/proje1/SW-EK-LM4F120XL-9453/driverlib/gcc/libdriver.a(cpu.o)
 .data          0x00000000        0x0 /home/user/workspace/proje1/SW-EK-LM4F120XL-9453/driverlib/gcc/libdriver.a(cpu.o)
 .bss           0x00000000        0x0 /home/user/workspace/proje1/SW-EK-LM4F120XL-9453/driverlib/gcc/libdriver.a(cpu.o)
 .text.CPUcpsid
                0x00000000        0x8 /home/user/workspace/proje1/SW-EK-LM4F120XL-9453/driverlib/gcc/libdriver.a(cpu.o)
 .text.CPUprimask
                0x00000000        0x6 /home/user/workspace/proje1/SW-EK-LM4F120XL-9453/driverlib/gcc/libdriver.a(cpu.o)
 .text.CPUcpsie
                0x00000000        0x8 /home/user/workspace/proje1/SW-EK-LM4F120XL-9453/driverlib/gcc/libdriver.a(cpu.o)
 .text.CPUwfi   0x00000000        0x4 /home/user/workspace/proje1/SW-EK-LM4F120XL-9453/driverlib/gcc/libdriver.a(cpu.o)
 .text.CPUbasepriSet
                0x00000000        0x6 /home/user/workspace/proje1/SW-EK-LM4F120XL-9453/driverlib/gcc/libdriver.a(cpu.o)
 .text.CPUbasepriGet
                0x00000000        0x6 /home/user/workspace/proje1/SW-EK-LM4F120XL-9453/driverlib/gcc/libdriver.a(cpu.o)
 .comment       0x00000000       0x2c /home/user/workspace/proje1/SW-EK-LM4F120XL-9453/driverlib/gcc/libdriver.a(cpu.o)
 .ARM.attributes
                0x00000000       0x37 /home/user/workspace/proje1/SW-EK-LM4F120XL-9453/driverlib/gcc/libdriver.a(cpu.o)
 .text          0x00000000        0x0 /usr/lib/gcc/arm-none-eabi/4.8.2/../../../arm-none-eabi/lib/armv7e-m/softfp/libg.a(lib_a-atexit.o)
 .data          0x00000000        0x0 /usr/lib/gcc/arm-none-eabi/4.8.2/../../../arm-none-eabi/lib/armv7e-m/softfp/libg.a(lib_a-atexit.o)
 .bss           0x00000000        0x0 /usr/lib/gcc/arm-none-eabi/4.8.2/../../../arm-none-eabi/lib/armv7e-m/softfp/libg.a(lib_a-atexit.o)
 .text.atexit   0x00000000        0xc /usr/lib/gcc/arm-none-eabi/4.8.2/../../../arm-none-eabi/lib/armv7e-m/softfp/libg.a(lib_a-atexit.o)
 .debug_info    0x00000000      0x10a /usr/lib/gcc/arm-none-eabi/4.8.2/../../../arm-none-eabi/lib/armv7e-m/softfp/libg.a(lib_a-atexit.o)
 .debug_abbrev  0x00000000       0xb8 /usr/lib/gcc/arm-none-eabi/4.8.2/../../../arm-none-eabi/lib/armv7e-m/softfp/libg.a(lib_a-atexit.o)
 .debug_loc     0x00000000       0x2c /usr/lib/gcc/arm-none-eabi/4.8.2/../../../arm-none-eabi/lib/armv7e-m/softfp/libg.a(lib_a-atexit.o)
 .debug_aranges
                0x00000000       0x20 /usr/lib/gcc/arm-none-eabi/4.8.2/../../../arm-none-eabi/lib/armv7e-m/softfp/libg.a(lib_a-atexit.o)
 .debug_ranges  0x00000000       0x10 /usr/lib/gcc/arm-none-eabi/4.8.2/../../../arm-none-eabi/lib/armv7e-m/softfp/libg.a(lib_a-atexit.o)
 .debug_line    0x00000000       0xa9 /usr/lib/gcc/arm-none-eabi/4.8.2/../../../arm-none-eabi/lib/armv7e-m/softfp/libg.a(lib_a-atexit.o)
 .debug_str     0x00000000      0x230 /usr/lib/gcc/arm-none-eabi/4.8.2/../../../arm-none-eabi/lib/armv7e-m/softfp/libg.a(lib_a-atexit.o)
 .comment       0x00000000       0x20 /usr/lib/gcc/arm-none-eabi/4.8.2/../../../arm-none-eabi/lib/armv7e-m/softfp/libg.a(lib_a-atexit.o)
 .ARM.attributes
                0x00000000       0x32 /usr/lib/gcc/arm-none-eabi/4.8.2/../../../arm-none-eabi/lib/armv7e-m/softfp/libg.a(lib_a-atexit.o)
 .debug_frame   0x00000000       0x20 /usr/lib/gcc/arm-none-eabi/4.8.2/../../../arm-none-eabi/lib/armv7e-m/softfp/libg.a(lib_a-atexit.o)
 .text          0x00000000        0x0 /usr/lib/gcc/arm-none-eabi/4.8.2/../../../arm-none-eabi/lib/armv7e-m/softfp/libg.a(lib_a-exit.o)
 .data          0x00000000        0x0 /usr/lib/gcc/arm-none-eabi/4.8.2/../../../arm-none-eabi/lib/armv7e-m/softfp/libg.a(lib_a-exit.o)
 .bss           0x00000000        0x0 /usr/lib/gcc/arm-none-eabi/4.8.2/../../../arm-none-eabi/lib/armv7e-m/softfp/libg.a(lib_a-exit.o)
 .text.exit     0x00000000       0x20 /usr/lib/gcc/arm-none-eabi/4.8.2/../../../arm-none-eabi/lib/armv7e-m/softfp/libg.a(lib_a-exit.o)
 .debug_info    0x00000000      0x8e4 /usr/lib/gcc/arm-none-eabi/4.8.2/../../../arm-none-eabi/lib/armv7e-m/softfp/libg.a(lib_a-exit.o)
 .debug_abbrev  0x00000000      0x1e6 /usr/lib/gcc/arm-none-eabi/4.8.2/../../../arm-none-eabi/lib/armv7e-m/softfp/libg.a(lib_a-exit.o)
 .debug_loc     0x00000000       0x1e /usr/lib/gcc/arm-none-eabi/4.8.2/../../../arm-none-eabi/lib/armv7e-m/softfp/libg.a(lib_a-exit.o)
 .debug_aranges
                0x00000000       0x20 /usr/lib/gcc/arm-none-eabi/4.8.2/../../../arm-none-eabi/lib/armv7e-m/softfp/libg.a(lib_a-exit.o)
 .debug_ranges  0x00000000       0x10 /usr/lib/gcc/arm-none-eabi/4.8.2/../../../arm-none-eabi/lib/armv7e-m/softfp/libg.a(lib_a-exit.o)
 .debug_line    0x00000000      0x142 /usr/lib/gcc/arm-none-eabi/4.8.2/../../../arm-none-eabi/lib/armv7e-m/softfp/libg.a(lib_a-exit.o)
 .debug_str     0x00000000      0x5cd /usr/lib/gcc/arm-none-eabi/4.8.2/../../../arm-none-eabi/lib/armv7e-m/softfp/libg.a(lib_a-exit.o)
 .comment       0x00000000       0x20 /usr/lib/gcc/arm-none-eabi/4.8.2/../../../arm-none-eabi/lib/armv7e-m/softfp/libg.a(lib_a-exit.o)
 .ARM.attributes
                0x00000000       0x32 /usr/lib/gcc/arm-none-eabi/4.8.2/../../../arm-none-eabi/lib/armv7e-m/softfp/libg.a(lib_a-exit.o)
 .debug_frame   0x00000000       0x28 /usr/lib/gcc/arm-none-eabi/4.8.2/../../../arm-none-eabi/lib/armv7e-m/softfp/libg.a(lib_a-exit.o)
 .text          0x00000000        0x0 /usr/lib/gcc/arm-none-eabi/4.8.2/../../../arm-none-eabi/lib/armv7e-m/softfp/libg.a(lib_a-fini.o)
 .data          0x00000000        0x0 /usr/lib/gcc/arm-none-eabi/4.8.2/../../../arm-none-eabi/lib/armv7e-m/softfp/libg.a(lib_a-fini.o)
 .bss           0x00000000        0x0 /usr/lib/gcc/arm-none-eabi/4.8.2/../../../arm-none-eabi/lib/armv7e-m/softfp/libg.a(lib_a-fini.o)
 .text.__libc_fini_array
                0x00000000       0x34 /usr/lib/gcc/arm-none-eabi/4.8.2/../../../arm-none-eabi/lib/armv7e-m/softfp/libg.a(lib_a-fini.o)
 .debug_info    0x00000000       0xef /usr/lib/gcc/arm-none-eabi/4.8.2/../../../arm-none-eabi/lib/armv7e-m/softfp/libg.a(lib_a-fini.o)
 .debug_abbrev  0x00000000       0xbd /usr/lib/gcc/arm-none-eabi/4.8.2/../../../arm-none-eabi/lib/armv7e-m/softfp/libg.a(lib_a-fini.o)
 .debug_loc     0x00000000       0x5c /usr/lib/gcc/arm-none-eabi/4.8.2/../../../arm-none-eabi/lib/armv7e-m/softfp/libg.a(lib_a-fini.o)
 .debug_aranges
                0x00000000       0x20 /usr/lib/gcc/arm-none-eabi/4.8.2/../../../arm-none-eabi/lib/armv7e-m/softfp/libg.a(lib_a-fini.o)
 .debug_ranges  0x00000000       0x10 /usr/lib/gcc/arm-none-eabi/4.8.2/../../../arm-none-eabi/lib/armv7e-m/softfp/libg.a(lib_a-fini.o)
 .debug_line    0x00000000       0x9f /usr/lib/gcc/arm-none-eabi/4.8.2/../../../arm-none-eabi/lib/armv7e-m/softfp/libg.a(lib_a-fini.o)
 .debug_str     0x00000000      0x228 /usr/lib/gcc/arm-none-eabi/4.8.2/../../../arm-none-eabi/lib/armv7e-m/softfp/libg.a(lib_a-fini.o)
 .comment       0x00000000       0x20 /usr/lib/gcc/arm-none-eabi/4.8.2/../../../arm-none-eabi/lib/armv7e-m/softfp/libg.a(lib_a-fini.o)
 .ARM.attributes
                0x00000000       0x32 /usr/lib/gcc/arm-none-eabi/4.8.2/../../../arm-none-eabi/lib/armv7e-m/softfp/libg.a(lib_a-fini.o)
 .debug_frame   0x00000000       0x2c /usr/lib/gcc/arm-none-eabi/4.8.2/../../../arm-none-eabi/lib/armv7e-m/softfp/libg.a(lib_a-fini.o)
 .text          0x00000000        0x0 /usr/lib/gcc/arm-none-eabi/4.8.2/../../../arm-none-eabi/lib/armv7e-m/softfp/libg.a(lib_a-impure.o)
 .data          0x00000000        0x0 /usr/lib/gcc/arm-none-eabi/4.8.2/../../../arm-none-eabi/lib/armv7e-m/softfp/libg.a(lib_a-impure.o)
 .bss           0x00000000        0x0 /usr/lib/gcc/arm-none-eabi/4.8.2/../../../arm-none-eabi/lib/armv7e-m/softfp/libg.a(lib_a-impure.o)
 .data.impure_data
                0x00000000      0x428 /usr/lib/gcc/arm-none-eabi/4.8.2/../../../arm-none-eabi/lib/armv7e-m/softfp/libg.a(lib_a-impure.o)
 .data._impure_ptr
                0x00000000        0x4 /usr/lib/gcc/arm-none-eabi/4.8.2/../../../arm-none-eabi/lib/armv7e-m/softfp/libg.a(lib_a-impure.o)
 .rodata.str1.4
                0x00000000        0x4 /usr/lib/gcc/arm-none-eabi/4.8.2/../../../arm-none-eabi/lib/armv7e-m/softfp/libg.a(lib_a-impure.o)
 .rodata._global_impure_ptr
                0x00000000        0x4 /usr/lib/gcc/arm-none-eabi/4.8.2/../../../arm-none-eabi/lib/armv7e-m/softfp/libg.a(lib_a-impure.o)
 .debug_info    0x00000000      0x894 /usr/lib/gcc/arm-none-eabi/4.8.2/../../../arm-none-eabi/lib/armv7e-m/softfp/libg.a(lib_a-impure.o)
 .debug_abbrev  0x00000000      0x180 /usr/lib/gcc/arm-none-eabi/4.8.2/../../../arm-none-eabi/lib/armv7e-m/softfp/libg.a(lib_a-impure.o)
 .debug_aranges
                0x00000000       0x18 /usr/lib/gcc/arm-none-eabi/4.8.2/../../../arm-none-eabi/lib/armv7e-m/softfp/libg.a(lib_a-impure.o)
 .debug_line    0x00000000       0xd9 /usr/lib/gcc/arm-none-eabi/4.8.2/../../../arm-none-eabi/lib/armv7e-m/softfp/libg.a(lib_a-impure.o)
 .debug_str     0x00000000      0x5c4 /usr/lib/gcc/arm-none-eabi/4.8.2/../../../arm-none-eabi/lib/armv7e-m/softfp/libg.a(lib_a-impure.o)
 .comment       0x00000000       0x20 /usr/lib/gcc/arm-none-eabi/4.8.2/../../../arm-none-eabi/lib/armv7e-m/softfp/libg.a(lib_a-impure.o)
 .ARM.attributes
                0x00000000       0x32 /usr/lib/gcc/arm-none-eabi/4.8.2/../../../arm-none-eabi/lib/armv7e-m/softfp/libg.a(lib_a-impure.o)
 .text          0x00000000        0x0 /usr/lib/gcc/arm-none-eabi/4.8.2/../../../arm-none-eabi/lib/armv7e-m/softfp/libg.a(lib_a-init.o)
 .data          0x00000000        0x0 /usr/lib/gcc/arm-none-eabi/4.8.2/../../../arm-none-eabi/lib/armv7e-m/softfp/libg.a(lib_a-init.o)
 .bss           0x00000000        0x0 /usr/lib/gcc/arm-none-eabi/4.8.2/../../../arm-none-eabi/lib/armv7e-m/softfp/libg.a(lib_a-init.o)
 .text.__libc_init_array
                0x00000000       0x5c /usr/lib/gcc/arm-none-eabi/4.8.2/../../../arm-none-eabi/lib/armv7e-m/softfp/libg.a(lib_a-init.o)
 .debug_info    0x00000000      0x105 /usr/lib/gcc/arm-none-eabi/4.8.2/../../../arm-none-eabi/lib/armv7e-m/softfp/libg.a(lib_a-init.o)
 .debug_abbrev  0x00000000       0xba /usr/lib/gcc/arm-none-eabi/4.8.2/../../../arm-none-eabi/lib/armv7e-m/softfp/libg.a(lib_a-init.o)
 .debug_loc     0x00000000       0xae /usr/lib/gcc/arm-none-eabi/4.8.2/../../../arm-none-eabi/lib/armv7e-m/softfp/libg.a(lib_a-init.o)
 .debug_aranges
                0x00000000       0x20 /usr/lib/gcc/arm-none-eabi/4.8.2/../../../arm-none-eabi/lib/armv7e-m/softfp/libg.a(lib_a-init.o)
 .debug_ranges  0x00000000       0x10 /usr/lib/gcc/arm-none-eabi/4.8.2/../../../arm-none-eabi/lib/armv7e-m/softfp/libg.a(lib_a-init.o)
 .debug_line    0x00000000       0xb8 /usr/lib/gcc/arm-none-eabi/4.8.2/../../../arm-none-eabi/lib/armv7e-m/softfp/libg.a(lib_a-init.o)
 .debug_str     0x00000000      0x252 /usr/lib/gcc/arm-none-eabi/4.8.2/../../../arm-none-eabi/lib/armv7e-m/softfp/libg.a(lib_a-init.o)
 .comment       0x00000000       0x20 /usr/lib/gcc/arm-none-eabi/4.8.2/../../../arm-none-eabi/lib/armv7e-m/softfp/libg.a(lib_a-init.o)
 .ARM.attributes
                0x00000000       0x32 /usr/lib/gcc/arm-none-eabi/4.8.2/../../../arm-none-eabi/lib/armv7e-m/softfp/libg.a(lib_a-init.o)
 .debug_frame   0x00000000       0x2c /usr/lib/gcc/arm-none-eabi/4.8.2/../../../arm-none-eabi/lib/armv7e-m/softfp/libg.a(lib_a-init.o)
 .text          0x00000000        0x0 /usr/lib/gcc/arm-none-eabi/4.8.2/../../../arm-none-eabi/lib/armv7e-m/softfp/libg.a(lib_a-memset.o)
 .data          0x00000000        0x0 /usr/lib/gcc/arm-none-eabi/4.8.2/../../../arm-none-eabi/lib/armv7e-m/softfp/libg.a(lib_a-memset.o)
 .bss           0x00000000        0x0 /usr/lib/gcc/arm-none-eabi/4.8.2/../../../arm-none-eabi/lib/armv7e-m/softfp/libg.a(lib_a-memset.o)
 .text.memset   0x00000000       0x94 /usr/lib/gcc/arm-none-eabi/4.8.2/../../../arm-none-eabi/lib/armv7e-m/softfp/libg.a(lib_a-memset.o)
 .debug_info    0x00000000      0x117 /usr/lib/gcc/arm-none-eabi/4.8.2/../../../arm-none-eabi/lib/armv7e-m/softfp/libg.a(lib_a-memset.o)
 .debug_abbrev  0x00000000       0x9f /usr/lib/gcc/arm-none-eabi/4.8.2/../../../arm-none-eabi/lib/armv7e-m/softfp/libg.a(lib_a-memset.o)
 .debug_loc     0x00000000      0x18b /usr/lib/gcc/arm-none-eabi/4.8.2/../../../arm-none-eabi/lib/armv7e-m/softfp/libg.a(lib_a-memset.o)
 .debug_aranges
                0x00000000       0x20 /usr/lib/gcc/arm-none-eabi/4.8.2/../../../arm-none-eabi/lib/armv7e-m/softfp/libg.a(lib_a-memset.o)
 .debug_ranges  0x00000000       0x10 /usr/lib/gcc/arm-none-eabi/4.8.2/../../../arm-none-eabi/lib/armv7e-m/softfp/libg.a(lib_a-memset.o)
 .debug_line    0x00000000      0x102 /usr/lib/gcc/arm-none-eabi/4.8.2/../../../arm-none-eabi/lib/armv7e-m/softfp/libg.a(lib_a-memset.o)
 .debug_str     0x00000000      0x207 /usr/lib/gcc/arm-none-eabi/4.8.2/../../../arm-none-eabi/lib/armv7e-m/softfp/libg.a(lib_a-memset.o)
 .comment       0x00000000       0x20 /usr/lib/gcc/arm-none-eabi/4.8.2/../../../arm-none-eabi/lib/armv7e-m/softfp/libg.a(lib_a-memset.o)
 .ARM.attributes
                0x00000000       0x32 /usr/lib/gcc/arm-none-eabi/4.8.2/../../../arm-none-eabi/lib/armv7e-m/softfp/libg.a(lib_a-memset.o)
 .debug_frame   0x00000000       0x2c /usr/lib/gcc/arm-none-eabi/4.8.2/../../../arm-none-eabi/lib/armv7e-m/softfp/libg.a(lib_a-memset.o)
 .text          0x00000000        0x0 /usr/lib/gcc/arm-none-eabi/4.8.2/../../../arm-none-eabi/lib/armv7e-m/softfp/libg.a(lib_a-__atexit.o)
 .data          0x00000000        0x0 /usr/lib/gcc/arm-none-eabi/4.8.2/../../../arm-none-eabi/lib/armv7e-m/softfp/libg.a(lib_a-__atexit.o)
 .bss           0x00000000        0x0 /usr/lib/gcc/arm-none-eabi/4.8.2/../../../arm-none-eabi/lib/armv7e-m/softfp/libg.a(lib_a-__atexit.o)
 .text.__register_exitproc
                0x00000000       0xac /usr/lib/gcc/arm-none-eabi/4.8.2/../../../arm-none-eabi/lib/armv7e-m/softfp/libg.a(lib_a-__atexit.o)
 .debug_info    0x00000000      0x934 /usr/lib/gcc/arm-none-eabi/4.8.2/../../../arm-none-eabi/lib/armv7e-m/softfp/libg.a(lib_a-__atexit.o)
 .debug_abbrev  0x00000000      0x20f /usr/lib/gcc/arm-none-eabi/4.8.2/../../../arm-none-eabi/lib/armv7e-m/softfp/libg.a(lib_a-__atexit.o)
 .debug_loc     0x00000000      0x14d /usr/lib/gcc/arm-none-eabi/4.8.2/../../../arm-none-eabi/lib/armv7e-m/softfp/libg.a(lib_a-__atexit.o)
 .debug_aranges
                0x00000000       0x20 /usr/lib/gcc/arm-none-eabi/4.8.2/../../../arm-none-eabi/lib/armv7e-m/softfp/libg.a(lib_a-__atexit.o)
 .debug_ranges  0x00000000       0x10 /usr/lib/gcc/arm-none-eabi/4.8.2/../../../arm-none-eabi/lib/armv7e-m/softfp/libg.a(lib_a-__atexit.o)
 .debug_line    0x00000000      0x163 /usr/lib/gcc/arm-none-eabi/4.8.2/../../../arm-none-eabi/lib/armv7e-m/softfp/libg.a(lib_a-__atexit.o)
 .debug_str     0x00000000      0x60c /usr/lib/gcc/arm-none-eabi/4.8.2/../../../arm-none-eabi/lib/armv7e-m/softfp/libg.a(lib_a-__atexit.o)
 .comment       0x00000000       0x20 /usr/lib/gcc/arm-none-eabi/4.8.2/../../../arm-none-eabi/lib/armv7e-m/softfp/libg.a(lib_a-__atexit.o)
 .ARM.attributes
                0x00000000       0x32 /usr/lib/gcc/arm-none-eabi/4.8.2/../../../arm-none-eabi/lib/armv7e-m/softfp/libg.a(lib_a-__atexit.o)
 .debug_frame   0x00000000       0x30 /usr/lib/gcc/arm-none-eabi/4.8.2/../../../arm-none-eabi/lib/armv7e-m/softfp/libg.a(lib_a-__atexit.o)
 .text          0x00000000        0x0 /usr/lib/gcc/arm-none-eabi/4.8.2/../../../arm-none-eabi/lib/armv7e-m/softfp/libg.a(lib_a-__call_atexit.o)
 .data          0x00000000        0x0 /usr/lib/gcc/arm-none-eabi/4.8.2/../../../arm-none-eabi/lib/armv7e-m/softfp/libg.a(lib_a-__call_atexit.o)
 .bss           0x00000000        0x0 /usr/lib/gcc/arm-none-eabi/4.8.2/../../../arm-none-eabi/lib/armv7e-m/softfp/libg.a(lib_a-__call_atexit.o)
 .text.startup.register_fini
                0x00000000       0x18 /usr/lib/gcc/arm-none-eabi/4.8.2/../../../arm-none-eabi/lib/armv7e-m/softfp/libg.a(lib_a-__call_atexit.o)
 .init_array.00000
                0x00000000        0x4 /usr/lib/gcc/arm-none-eabi/4.8.2/../../../arm-none-eabi/lib/armv7e-m/softfp/libg.a(lib_a-__call_atexit.o)
 .text.__call_exitprocs
                0x00000000       0xf8 /usr/lib/gcc/arm-none-eabi/4.8.2/../../../arm-none-eabi/lib/armv7e-m/softfp/libg.a(lib_a-__call_atexit.o)
 .debug_info    0x00000000      0x9aa /usr/lib/gcc/arm-none-eabi/4.8.2/../../../arm-none-eabi/lib/armv7e-m/softfp/libg.a(lib_a-__call_atexit.o)
 .debug_abbrev  0x00000000      0x285 /usr/lib/gcc/arm-none-eabi/4.8.2/../../../arm-none-eabi/lib/armv7e-m/softfp/libg.a(lib_a-__call_atexit.o)
 .debug_loc     0x00000000      0x155 /usr/lib/gcc/arm-none-eabi/4.8.2/../../../arm-none-eabi/lib/armv7e-m/softfp/libg.a(lib_a-__call_atexit.o)
 .debug_aranges
                0x00000000       0x28 /usr/lib/gcc/arm-none-eabi/4.8.2/../../../arm-none-eabi/lib/armv7e-m/softfp/libg.a(lib_a-__call_atexit.o)
 .debug_ranges  0x00000000       0x38 /usr/lib/gcc/arm-none-eabi/4.8.2/../../../arm-none-eabi/lib/armv7e-m/softfp/libg.a(lib_a-__call_atexit.o)
 .debug_line    0x00000000      0x19e /usr/lib/gcc/arm-none-eabi/4.8.2/../../../arm-none-eabi/lib/armv7e-m/softfp/libg.a(lib_a-__call_atexit.o)
 .debug_str     0x00000000      0x624 /usr/lib/gcc/arm-none-eabi/4.8.2/../../../arm-none-eabi/lib/armv7e-m/softfp/libg.a(lib_a-__call_atexit.o)
 .comment       0x00000000       0x20 /usr/lib/gcc/arm-none-eabi/4.8.2/../../../arm-none-eabi/lib/armv7e-m/softfp/libg.a(lib_a-__call_atexit.o)
 .ARM.attributes
                0x00000000       0x32 /usr/lib/gcc/arm-none-eabi/4.8.2/../../../arm-none-eabi/lib/armv7e-m/softfp/libg.a(lib_a-__call_atexit.o)
 .debug_frame   0x00000000       0x48 /usr/lib/gcc/arm-none-eabi/4.8.2/../../../arm-none-eabi/lib/armv7e-m/softfp/libg.a(lib_a-__call_atexit.o)
 .text          0x00000000        0x0 /usr/lib/gcc/arm-none-eabi/4.8.2/armv7e-m/softfp/crtend.o
 .data          0x00000000        0x0 /usr/lib/gcc/arm-none-eabi/4.8.2/armv7e-m/softfp/crtend.o
 .bss           0x00000000        0x0 /usr/lib/gcc/arm-none-eabi/4.8.2/armv7e-m/softfp/crtend.o
 .eh_frame      0x00000000        0x4 /usr/lib/gcc/arm-none-eabi/4.8.2/armv7e-m/softfp/crtend.o
 .jcr           0x00000000        0x4 /usr/lib/gcc/arm-none-eabi/4.8.2/armv7e-m/softfp/crtend.o
 .tm_clone_table
                0x00000000        0x0 /usr/lib/gcc/arm-none-eabi/4.8.2/armv7e-m/softfp/crtend.o
 .comment       0x00000000       0x20 /usr/lib/gcc/arm-none-eabi/4.8.2/armv7e-m/softfp/crtend.o
 .ARM.attributes
                0x00000000       0x32 /usr/lib/gcc/arm-none-eabi/4.8.2/armv7e-m/softfp/crtend.o
 .text          0x00000000        0x0 /usr/lib/gcc/arm-none-eabi/4.8.2/armv7e-m/softfp/crtn.o
 .data          0x00000000        0x0 /usr/lib/gcc/arm-none-eabi/4.8.2/armv7e-m/softfp/crtn.o
 .bss           0x00000000        0x0 /usr/lib/gcc/arm-none-eabi/4.8.2/armv7e-m/softfp/crtn.o
 .init          0x00000000        0x8 /usr/lib/gcc/arm-none-eabi/4.8.2/armv7e-m/softfp/crtn.o
 .fini          0x00000000        0x8 /usr/lib/gcc/arm-none-eabi/4.8.2/armv7e-m/softfp/crtn.o
 .ARM.attributes
                0x00000000       0x22 /usr/lib/gcc/arm-none-eabi/4.8.2/armv7e-m/softfp/crtn.o

Memory Configuration

Name             Origin             Length             Attributes
FLASH            0x00000000         0x00040000         xr
SRAM             0x20000000         0x00008000         xrw
*default*        0x00000000         0xffffffff

Linker script and memory map

LOAD /usr/lib/gcc/arm-none-eabi/4.8.2/armv7e-m/softfp/crti.o
LOAD /usr/lib/gcc/arm-none-eabi/4.8.2/armv7e-m/softfp/crtbegin.o
LOAD /usr/lib/gcc/arm-none-eabi/4.8.2/../../../arm-none-eabi/lib/armv7e-m/softfp/crt0.o
LOAD ./src/main.o
LOAD ./src/startup_gcc.o
LOAD ./SW-EK-LM4F120XL-9453/utils/uartstdio.o
LOAD /home/user/workspace/proje1/SW-EK-LM4F120XL-9453/driverlib/gcc/libdriver.a
START GROUP
LOAD /usr/lib/gcc/arm-none-eabi/4.8.2/armv7e-m/softfp/libgcc.a
LOAD /usr/lib/gcc/arm-none-eabi/4.8.2/../../../arm-none-eabi/lib/armv7e-m/softfp/libg.a
LOAD /usr/lib/gcc/arm-none-eabi/4.8.2/../../../arm-none-eabi/lib/armv7e-m/softfp/libc.a
END GROUP
LOAD /usr/lib/gcc/arm-none-eabi/4.8.2/armv7e-m/softfp/crtend.o
LOAD /usr/lib/gcc/arm-none-eabi/4.8.2/armv7e-m/softfp/crtn.o

.text           0x00000000     0x11b4
                0x00000000                _text = .
 *(.isr_vector)
 .isr_vector    0x00000000      0x26c ./src/startup_gcc.o
                0x00000000                g_pfnVectors
 *(.text*)
 .text.main     0x0000026c       0x28 ./src/main.o
                0x0000026c                main
 .text.tazele   0x00000294      0x174 ./src/main.o
                0x00000294                tazele
 .text.fonk1    0x00000408      0x14c ./src/main.o
                0x00000408                fonk1
 .text.fonk2    0x00000554      0x14c ./src/main.o
                0x00000554                fonk2
 .text.fonk3    0x000006a0      0x308 ./src/main.o
                0x000006a0                fonk3
 .text.fonk4    0x000009a8      0x250 ./src/main.o
                0x000009a8                fonk4
 .text.ekran_sifirla
                0x00000bf8      0x184 ./src/main.o
                0x00000bf8                ekran_sifirla
 .text.ResetISR
                0x00000d7c       0x78 ./src/startup_gcc.o
                0x00000d7c                ResetISR
 .text.NmiSR    0x00000df4        0x8 ./src/startup_gcc.o
 .text.FaultISR
                0x00000dfc        0x8 ./src/startup_gcc.o
 .text.IntDefaultHandler
                0x00000e04        0x8 ./src/startup_gcc.o
 .text.GPIODirModeSet
                0x00000e0c       0x2e /home/user/workspace/proje1/SW-EK-LM4F120XL-9453/driverlib/gcc/libdriver.a(gpio.o)
                0x00000e0c                GPIODirModeSet
 .text.GPIOPadConfigSet
                0x00000e3a       0xce /home/user/workspace/proje1/SW-EK-LM4F120XL-9453/driverlib/gcc/libdriver.a(gpio.o)
                0x00000e3a                GPIOPadConfigSet
 .text.GPIOPinWrite
                0x00000f08        0x6 /home/user/workspace/proje1/SW-EK-LM4F120XL-9453/driverlib/gcc/libdriver.a(gpio.o)
                0x00000f08                GPIOPinWrite
 .text.GPIOPinTypeGPIOOutput
                0x00000f0e       0x1c /home/user/workspace/proje1/SW-EK-LM4F120XL-9453/driverlib/gcc/libdriver.a(gpio.o)
                0x00000f0e                GPIOPinTypeGPIOOutput
 *fill*         0x00000f2a        0x2 
 .text.SysCtlPeripheralEnable
                0x00000f2c       0x5c /home/user/workspace/proje1/SW-EK-LM4F120XL-9453/driverlib/gcc/libdriver.a(sysctl.o)
                0x00000f2c                SysCtlPeripheralEnable
 .text.SysCtlDelay
                0x00000f88        0x6 /home/user/workspace/proje1/SW-EK-LM4F120XL-9453/driverlib/gcc/libdriver.a(sysctl.o)
                0x00000f88                SysCtlDelay
 *fill*         0x00000f8e        0x2 
 .text.SysCtlClockSet
                0x00000f90      0x174 /home/user/workspace/proje1/SW-EK-LM4F120XL-9453/driverlib/gcc/libdriver.a(sysctl.o)
                0x00000f90                SysCtlClockSet
 *(.rodata*)
 .rodata        0x00001104       0xa4 ./src/main.o
 .rodata.g_pulRCGCRegs
                0x000011a8        0xc /home/user/workspace/proje1/SW-EK-LM4F120XL-9453/driverlib/gcc/libdriver.a(sysctl.o)
                0x000011b4                _etext = .

.glue_7         0x000011b4        0x0
 .glue_7        0x00000000        0x0 linker stubs

.glue_7t        0x000011b4        0x0
 .glue_7t       0x00000000        0x0 linker stubs

.vfp11_veneer   0x000011b4        0x0
 .vfp11_veneer  0x00000000        0x0 linker stubs

.v4_bx          0x000011b4        0x0
 .v4_bx         0x00000000        0x0 linker stubs

.iplt           0x000011b4        0x0
 .iplt          0x00000000        0x0 /usr/lib/gcc/arm-none-eabi/4.8.2/armv7e-m/softfp/crtbegin.o

.rel.dyn        0x000011b4        0x0
 .rel.iplt      0x00000000        0x0 /usr/lib/gcc/arm-none-eabi/4.8.2/armv7e-m/softfp/crtbegin.o

.data           0x20000000        0x0 load address 0x000011b4
                0x20000000                _data = .
 *(vtable)
 *(.data*)
                0x20000000                _edata = .

.igot.plt       0x20000000        0x0
 .igot.plt      0x00000000        0x0 /usr/lib/gcc/arm-none-eabi/4.8.2/armv7e-m/softfp/crtbegin.o

.bss            0x20000000      0x200
                0x20000000                _bss = .
 *(.bss*)
 .bss.pulStack  0x20000000      0x200 ./src/startup_gcc.o
 *(COMMON)
                0x20000200                _ebss = .
OUTPUT(proje1.elf elf32-littlearm)

.debug_info     0x00000000      0x3b0
 .debug_info    0x00000000      0x294 ./src/main.o
 .debug_info    0x00000294      0x11c ./src/startup_gcc.o

.debug_abbrev   0x00000000      0x1c3
 .debug_abbrev  0x00000000      0x117 ./src/main.o
 .debug_abbrev  0x00000117       0xac ./src/startup_gcc.o

.debug_aranges  0x00000000       0x90
 .debug_aranges
                0x00000000       0x58 ./src/main.o
 .debug_aranges
                0x00000058       0x38 ./src/startup_gcc.o

.debug_ranges   0x00000000       0x70
 .debug_ranges  0x00000000       0x48 ./src/main.o
 .debug_ranges  0x00000048       0x28 ./src/startup_gcc.o

.debug_macro    0x00000000     0xce8b
 .debug_macro   0x00000000      0x135 ./src/main.o
 .debug_macro   0x00000135      0x856 ./src/main.o
 .debug_macro   0x0000098b     0x8fd8 ./src/main.o
 .debug_macro   0x00009963       0xca ./src/main.o
 .debug_macro   0x00009a2d      0x278 ./src/main.o
 .debug_macro   0x00009ca5      0xb82 ./src/main.o
 .debug_macro   0x0000a827       0xb2 ./src/main.o
 .debug_macro   0x0000a8d9       0x6a ./src/main.o
 .debug_macro   0x0000a943       0x58 ./src/main.o
 .debug_macro   0x0000a99b       0x16 ./src/main.o
 .debug_macro   0x0000a9b1       0x35 ./src/main.o
 .debug_macro   0x0000a9e6       0xa3 ./src/main.o
 .debug_macro   0x0000aa89       0x16 ./src/main.o
 .debug_macro   0x0000aa9f       0x97 ./src/main.o
 .debug_macro   0x0000ab36       0x10 ./src/main.o
 .debug_macro   0x0000ab46       0xf6 ./src/main.o
 .debug_macro   0x0000ac3c       0x4a ./src/main.o
 .debug_macro   0x0000ac86       0x52 ./src/main.o
 .debug_macro   0x0000acd8       0x16 ./src/main.o
 .debug_macro   0x0000acee       0x43 ./src/main.o
 .debug_macro   0x0000ad31      0x180 ./src/main.o
 .debug_macro   0x0000aeb1       0x10 ./src/main.o
 .debug_macro   0x0000aec1       0x22 ./src/main.o
 .debug_macro   0x0000aee3       0xbd ./src/main.o
 .debug_macro   0x0000afa0       0x16 ./src/main.o
 .debug_macro   0x0000afb6      0x16c ./src/main.o
 .debug_macro   0x0000b122      0x20f ./src/main.o
 .debug_macro   0x0000b331       0x23 ./src/startup_gcc.o
 .debug_macro   0x0000b354     0x1b37 ./src/startup_gcc.o

.debug_line     0x00000000      0x738
 .debug_line    0x00000000      0x654 ./src/main.o
 .debug_line    0x00000654       0xe4 ./src/startup_gcc.o

.debug_str      0x00000000    0x3aba4
 .debug_str     0x00000000    0x391e2 ./src/main.o
                              0x393a7 (size before relaxing)
 .debug_str     0x000391e2     0x19c2 ./src/startup_gcc.o
                               0x9cc7 (size before relaxing)

.comment        0x00000000       0x4a
 .comment       0x00000000       0x1f ./src/main.o
                                 0x20 (size before relaxing)
 .comment       0x00000000       0x20 ./src/startup_gcc.o
 .comment       0x0000001f       0x2b /home/user/workspace/proje1/SW-EK-LM4F120XL-9453/driverlib/gcc/libdriver.a(gpio.o)
                                 0x2c (size before relaxing)
 .comment       0x00000000       0x2c /home/user/workspace/proje1/SW-EK-LM4F120XL-9453/driverlib/gcc/libdriver.a(sysctl.o)

.ARM.attributes
                0x00000000       0x30
 .ARM.attributes
                0x00000000       0x37 ./src/main.o
 .ARM.attributes
                0x00000037       0x37 ./src/startup_gcc.o
 .ARM.attributes
                0x0000006e       0x37 /home/user/workspace/proje1/SW-EK-LM4F120XL-9453/driverlib/gcc/libdriver.a(gpio.o)
 .ARM.attributes
                0x000000a5       0x37 /home/user/workspace/proje1/SW-EK-LM4F120XL-9453/driverlib/gcc/libdriver.a(sysctl.o)

.debug_frame    0x00000000      0x18c
 .debug_frame   0x00000000      0x114 ./src/main.o
 .debug_frame   0x00000114       0x78 ./src/startup_gcc.o
